// Jest Snapshot v1, https://goo.gl/fbAQLP

exports[`TaskView 1`] = `
<div
  className="ml-64 flex flex-row bg-yellow-50 opacity-90"
>
  <div
    className="flex flex-col flex-1 h-screen overflow-y-auto"
  >
    <div
      className="py-6"
    >
      <div
        className="max-w-7xl mx-auto px-8 flex justify-between items-center"
      >
        <h1
          className="text-2xl font-semibold text-gray-900"
        />
        <div>
          <button
            className="bg-yellow-100 text-yellow-400 rounded-md p-1 border border-yellow-200 cursor-pointer hover:bg-yellow-50 active:bg-white h-6 w-6 outline-none"
            onClick={[Function]}
          >
            <svg
              className="h-full w-full"
              fill="currentColor"
              viewBox="0 0 20 20"
              xmlns="http://www.w3.org/2000/svg"
            >
              <path
                d="M4 3a2 2 0 100 4h12a2 2 0 100-4H4z"
              />
              <path
                clipRule="evenodd"
                d="M3 8h14v7a2 2 0 01-2 2H5a2 2 0 01-2-2V8zm5 3a1 1 0 011-1h2a1 1 0 110 2H9a1 1 0 01-1-1z"
                fillRule="evenodd"
              />
            </svg>
          </button>
        </div>
      </div>
      <div
        className="mx-auto"
      >
        <div
          className="py-4"
        />
        <div>
          <div
            className="max-w-7xl mt-4 mx-auto px-8 flex items-center"
          />
        </div>
      </div>
    </div>
  </div>
  <div
    className="flex flex-col flex-1 w-64 border-l h-screen justify-center overflow-y-hidden"
  >
    <div
      className="flex justify-center"
    >
      Task Notes will appear here
    </div>
  </div>
</div>
`;
